vite v5.4.21 building for production...

(!) outDir /private/tmp/f6een-final-build is not inside project root and will not be emptied.
Use --emptyOutDir to override.

transforming...
✓ 390 modules transformed.
rendering chunks...
computing gzip size...
../../../../private/tmp/f6een-final-build/admin.html                                       0.90 kB │ gzip:   0.61 kB
../../../../private/tmp/f6een-final-build/index.html                                       3.21 kB │ gzip:   1.64 kB
../../../../private/tmp/f6een-final-build/assets/cairo-arabic-400-normal-DN15VWMM.woff2   13.29 kB
../../../../private/tmp/f6een-final-build/assets/cairo-arabic-800-normal-G1qvPr6G.woff2   13.89 kB
../../../../private/tmp/f6een-final-build/assets/cairo-arabic-600-normal-rkrvveqO.woff2   13.90 kB
../../../../private/tmp/f6een-final-build/assets/cairo-arabic-700-normal-D3nDedWX.woff2   13.95 kB
../../../../private/tmp/f6een-final-build/assets/f6een-icon-taa-180-BK93x7El.png          15.69 kB
../../../../private/tmp/f6een-final-build/assets/celeb-301-q1110560-DITRUcHI.jpg          20.44 kB
../../../../private/tmp/f6een-final-build/assets/celeb-328-q12207870-GMOjGgVL.jpg         21.98 kB
../../../../private/tmp/f6een-final-build/assets/celeb-195-q3025678-Bmef5ANx.jpg          26.52 kB
../../../../private/tmp/f6een-final-build/assets/celeb-128-q1750619-Bhsti_94.jpg          26.53 kB
../../../../private/tmp/f6een-final-build/assets/celeb-327-q9570-6bmT8UHR.jpg             27.52 kB
../../../../private/tmp/f6een-final-build/assets/celeb-100-q20424559-CUiPaiVY.jpg         27.77 kB
../../../../private/tmp/f6een-final-build/assets/celeb-322-q12199113-H_OtAhoh.jpg         28.22 kB
../../../../private/tmp/f6een-final-build/assets/celeb-127-q2919015-CYXL-516.jpg          29.03 kB
../../../../private/tmp/f6een-final-build/assets/celeb-307-q4165378-CjeMjOiU.jpg          29.09 kB
../../../../private/tmp/f6een-final-build/assets/celeb-334-q6370538-DGiN1j8Y.jpg          29.36 kB
../../../../private/tmp/f6een-final-build/assets/celeb-121-q6140775-CkDeYqSE.jpg          30.37 kB
../../../../private/tmp/f6een-final-build/assets/celeb-342-q401563-D5HlmySb.jpg           30.42 kB
../../../../private/tmp/f6een-final-build/assets/celeb-105-q298547-_EMLl3-Y.jpg           31.63 kB
../../../../private/tmp/f6een-final-build/assets/celeb-016-q7747-C7-pz8iA.jpg             31.86 kB
../../../../private/tmp/f6een-final-build/assets/celeb-330-q3280817-BVf2pUuX.jpg          32.44 kB
../../../../private/tmp/f6een-final-build/assets/celeb-096-q265812-BwwtpCU9.jpg           32.50 kB
../../../../private/tmp/f6een-final-build/assets/celeb-114-q3178636-DNVUqS1D.jpg          33.10 kB
../../../../private/tmp/f6een-final-build/assets/celeb-086-q3155690-btMLXKSl.jpg          33.20 kB
../../../../private/tmp/f6een-final-build/assets/celeb-095-q21063901-BCpEFupH.jpg         33.23 kB
../../../../private/tmp/f6een-final-build/assets/celeb-070-q9000717-BZBnC1ID.jpg          33.35 kB
../../../../private/tmp/f6een-final-build/assets/celeb-139-q92379963-qRP5EM9c.jpg         33.67 kB
../../../../private/tmp/f6een-final-build/assets/celeb-080-q515133-0vJkMqzT.jpg           33.70 kB
../../../../private/tmp/f6een-final-build/assets/celeb-339-q1615021-BTCGzQoR.jpg          34.05 kB
../../../../private/tmp/f6een-final-build/assets/celeb-025-q60772-DvHrHMjJ.jpg            34.19 kB
../../../../private/tmp/f6een-final-build/assets/celeb-374-q79031-D1ZTwrx5.jpg            34.25 kB
../../../../private/tmp/f6een-final-build/assets/celeb-320-q1237110-lSFeCGwO.jpg          34.40 kB
../../../../private/tmp/f6een-final-build/assets/celeb-068-q18207172-C9-_xpcg.jpg         34.63 kB
../../../../private/tmp/f6een-final-build/assets/celeb-048-q57808-CQuXycnx.jpg            34.70 kB
../../../../private/tmp/f6een-final-build/assets/celeb-074-q351819-C_-vn6y-.jpg           34.78 kB
../../../../private/tmp/f6een-final-build/assets/celeb-102-q918630-DVn3Sajy.jpg           34.78 kB
../../../../private/tmp/f6een-final-build/assets/celeb-325-q12209738-B6CmwKY4.jpg         34.83 kB
../../../../private/tmp/f6een-final-build/assets/celeb-030-q2107268-Ca3nL80X.jpg          34.85 kB
../../../../private/tmp/f6een-final-build/assets/celeb-213-q12243326-CrReD2mY.jpg         34.93 kB
../../../../private/tmp/f6een-final-build/assets/celeb-123-q3218882-BQzyMQ2A.jpg          34.94 kB
../../../../private/tmp/f6een-final-build/assets/celeb-332-q4164796-CURYKiwt.jpg          35.27 kB
../../../../private/tmp/f6een-final-build/assets/celeb-059-q305177-Ci1oUQ-w.jpg           35.40 kB
../../../../private/tmp/f6een-final-build/assets/celeb-343-q4165823-BBvCzJae.jpg          35.67 kB
../../../../private/tmp/f6een-final-build/assets/celeb-356-q34086-COu99XP7.jpg            35.76 kB
../../../../private/tmp/f6een-final-build/assets/celeb-089-q308526-BgwmcFKI.jpg           35.94 kB
../../../../private/tmp/f6een-final-build/assets/celeb-341-q2424957-NvBLQZ5E.jpg          36.21 kB
../../../../private/tmp/f6een-final-build/assets/celeb-156-q115243-BdPifBRg.jpg           36.21 kB
../../../../private/tmp/f6een-final-build/assets/celeb-321-q12238123-DA2ZMMiM.jpg         36.30 kB
../../../../private/tmp/f6een-final-build/assets/celeb-144-q486882-DOeFd3tb.jpg           36.58 kB
../../../../private/tmp/f6een-final-build/assets/celeb-032-q1335527-D6gFZ8z4.jpg          36.73 kB
../../../../private/tmp/f6een-final-build/assets/celeb-319-q1009512-ppuUEZMT.jpg          36.75 kB
../../../../private/tmp/f6een-final-build/assets/celeb-071-q7146257-FqskVtFy.jpg          36.76 kB
../../../../private/tmp/f6een-final-build/assets/celeb-347-q158957-hDN5mEdo.jpg           36.78 kB
../../../../private/tmp/f6een-final-build/assets/celeb-092-q7635956-DC0ioZ4f.jpg          36.82 kB
../../../../private/tmp/f6een-final-build/assets/celeb-346-q9543-Cgs2dX0T.jpg             37.07 kB
../../../../private/tmp/f6een-final-build/assets/celeb-212-q390072-CX8iA67V.jpg           37.54 kB
../../../../private/tmp/f6een-final-build/assets/celeb-309-q7278668-DD44PwE-.jpg          37.62 kB
../../../../private/tmp/f6een-final-build/assets/celeb-065-q1739008-vC1MyfOj.jpg          37.76 kB
../../../../private/tmp/f6een-final-build/assets/celeb-350-q12249854-DpLJrYmX.jpg         37.80 kB
../../../../private/tmp/f6een-final-build/assets/celeb-021-q1058-C9vYivsL.jpg             37.86 kB
../../../../private/tmp/f6een-final-build/assets/celeb-358-q5105-BFl9XOyQ.jpg             37.93 kB
../../../../private/tmp/f6een-final-build/assets/celeb-124-q5365718-DyrBX1gE.jpg          38.11 kB
../../../../private/tmp/f6een-final-build/assets/celeb-035-q58217-T4Xqo6eD.jpg            38.15 kB
../../../../private/tmp/f6een-final-build/assets/celeb-111-q484605-DPA702vD.jpg           38.21 kB
../../../../private/tmp/f6een-final-build/assets/celeb-101-q47213-5XjndnU7.jpg            38.27 kB
../../../../private/tmp/f6een-final-build/assets/celeb-349-q4164801-BZjNpj82.jpg          38.36 kB
../../../../private/tmp/f6een-final-build/assets/celeb-078-q767061-DWi9mYCb.jpg           38.42 kB
../../../../private/tmp/f6een-final-build/assets/celeb-028-q37181-Dv3mvrfk.jpg            38.46 kB
../../../../private/tmp/f6een-final-build/assets/celeb-365-q40096-he2xEzSr.jpg            38.47 kB
../../../../private/tmp/f6een-final-build/assets/celeb-047-q57371-CFmOUv_A.jpg            38.50 kB
../../../../private/tmp/f6een-final-build/assets/celeb-168-q2484404-CSzPnepz.jpg          38.63 kB
../../../../private/tmp/f6een-final-build/assets/celeb-178-q1362223-BEQ6AczN.jpg          38.89 kB
../../../../private/tmp/f6een-final-build/assets/celeb-362-q35332-BMmXFTp8.jpg            39.00 kB
../../../../private/tmp/f6een-final-build/assets/celeb-113-q738935-BWgHNsAi.jpg           39.07 kB
../../../../private/tmp/f6een-final-build/assets/celeb-333-q591801-gVoo78va.jpg           39.22 kB
../../../../private/tmp/f6een-final-build/assets/celeb-017-q3052772-4g_2RpAR.jpg          39.30 kB
../../../../private/tmp/f6een-final-build/assets/celeb-367-q9535-Bud0oHV4.jpg             39.53 kB
../../../../private/tmp/f6een-final-build/assets/celeb-008-q12243161-DmTYJUuh.jpg         39.57 kB
../../../../private/tmp/f6een-final-build/assets/celeb-142-q104104-BJf_Os4h.jpg           39.58 kB
../../../../private/tmp/f6een-final-build/assets/celeb-077-q15439301-By4XLFtJ.jpg         39.77 kB
../../../../private/tmp/f6een-final-build/assets/celeb-345-q4119541-CINe43Av.jpg          39.96 kB
../../../../private/tmp/f6een-final-build/assets/celeb-061-q3022141-D3AY7-IP.jpg          40.36 kB
../../../../private/tmp/f6een-final-build/assets/celeb-348-q1438531-Dj58ehef.jpg          40.39 kB
../../../../private/tmp/f6een-final-build/assets/celeb-324-q4164488-FkToVYSl.jpg          40.43 kB
../../../../private/tmp/f6een-final-build/assets/celeb-318-q9557-BT31n8AA.jpg             40.45 kB
../../../../private/tmp/f6een-final-build/assets/celeb-014-q22686-D6LlM-L1.jpg            40.51 kB
../../../../private/tmp/f6een-final-build/assets/celeb-336-q4166476-BL1F-ymN.jpg          40.65 kB
../../../../private/tmp/f6een-final-build/assets/celeb-351-q2831-B4VlpNj0.jpg             40.65 kB
../../../../private/tmp/f6een-final-build/assets/celeb-042-q58301-wfWk7b33.jpg            40.66 kB
../../../../private/tmp/f6een-final-build/assets/celeb-126-q106624-Cp7Zy_LO.jpg           40.92 kB
../../../../private/tmp/f6een-final-build/assets/celeb-115-q221296-DIILQdLD.jpg           41.02 kB
../../../../private/tmp/f6een-final-build/assets/celeb-051-q317521-ByT3cQ4I.jpg           41.06 kB
../../../../private/tmp/f6een-final-build/assets/celeb-323-q12223268-BNzUu0gf.jpg         41.07 kB
../../../../private/tmp/f6een-final-build/assets/celeb-063-q92764-DpXAAjMO.jpg            41.10 kB
../../../../private/tmp/f6een-final-build/assets/celeb-064-q1137062-BDus2Ks_.jpg          41.13 kB
../../../../private/tmp/f6een-final-build/assets/celeb-094-q5949568-C9WxRdgW.jpg          41.28 kB
../../../../private/tmp/f6een-final-build/assets/celeb-055-q7426870-CpzwpXRb.jpg          41.63 kB
../../../../private/tmp/f6een-final-build/assets/celeb-090-q2214134-Bx-4EkPh.jpg          41.70 kB
../../../../private/tmp/f6een-final-build/assets/celeb-303-q2600118-BR5IjRCU.jpg          41.78 kB
../../../../private/tmp/f6een-final-build/assets/celeb-034-q16730147-B6-HivVo.jpg         41.86 kB
../../../../private/tmp/f6een-final-build/assets/celeb-371-q40504-DvYwEf_I.jpg            41.87 kB
../../../../private/tmp/f6een-final-build/assets/celeb-084-q1391723-BfZ62-77.jpg          41.97 kB
../../../../private/tmp/f6een-final-build/assets/celeb-001-q367825-B9_Dymt-.jpg           42.16 kB
../../../../private/tmp/f6een-final-build/assets/celeb-304-q268615-3-mbHlUL.jpg           42.19 kB
../../../../private/tmp/f6een-final-build/assets/celeb-120-q607-DUVBCsjh.jpg              42.19 kB
../../../../private/tmp/f6een-final-build/assets/celeb-013-q6279-B3w9wt9D.jpg             42.26 kB
../../../../private/tmp/f6een-final-build/assets/celeb-360-q10738-VB7lyyss.jpg            42.28 kB
../../../../private/tmp/f6een-final-build/assets/celeb-020-q6383803-DWxcTFi5.jpg          42.43 kB
../../../../private/tmp/f6een-final-build/assets/celeb-031-q16090635-BiqOQ8Wp.jpg         42.47 kB
../../../../private/tmp/f6een-final-build/assets/celeb-015-q15031-D6uHUFJO.jpg            42.68 kB
../../../../private/tmp/f6een-final-build/assets/celeb-329-q12221476-CjF0Gg0A.jpg         42.89 kB
../../../../private/tmp/f6een-final-build/assets/celeb-197-q124304455-CuiEo0N3.jpg        43.10 kB
../../../../private/tmp/f6een-final-build/assets/celeb-129-q7404549-DGoAbtNL.jpg          43.30 kB
../../../../private/tmp/f6een-final-build/assets/celeb-085-q7428648-H8mTNOUE.jpg          43.30 kB
../../../../private/tmp/f6een-final-build/assets/celeb-199-q25191-DPijGgsn.jpg            43.36 kB
../../../../private/tmp/f6een-final-build/assets/celeb-040-q23020336-JffKH0_T.jpg         43.45 kB
../../../../private/tmp/f6een-final-build/assets/celeb-369-q165219-8ZVbTMJn.jpg           43.45 kB
../../../../private/tmp/f6een-final-build/assets/celeb-012-q39259-D6IRcQgM.jpg            43.53 kB
../../../../private/tmp/f6een-final-build/assets/celeb-026-q58108-hVGVqclx.jpg            43.55 kB
../../../../private/tmp/f6een-final-build/assets/celeb-044-q22007112-Byfv-SD0.jpg         43.58 kB
../../../../private/tmp/f6een-final-build/assets/celeb-363-q13909-Bx_v80zX.jpg            43.60 kB
../../../../private/tmp/f6een-final-build/assets/celeb-003-q1951896-B4Q89l7e.jpg          43.66 kB
../../../../private/tmp/f6een-final-build/assets/celeb-087-q1638114-ByyPxM3E.jpg          43.71 kB
../../../../private/tmp/f6een-final-build/assets/celeb-036-q701801-BhQ11eKx.jpg           43.72 kB
../../../../private/tmp/f6een-final-build/assets/celeb-098-q3575465-DHLudui5.jpg          44.07 kB
../../../../private/tmp/f6een-final-build/assets/celeb-005-q57464-DdDxeS1z.jpg            44.21 kB
../../../../private/tmp/f6een-final-build/assets/celeb-311-q12247937-C3IB1FhY.jpg         44.24 kB
../../../../private/tmp/f6een-final-build/assets/celeb-157-q380787-BRqxYV7r.jpg           44.37 kB
../../../../private/tmp/f6een-final-build/assets/celeb-359-q37079-Caach_gM.jpg            44.40 kB
../../../../private/tmp/f6een-final-build/assets/celeb-155-q5646626-DpQQXAYD.jpg          44.44 kB
../../../../private/tmp/f6een-final-build/assets/celeb-049-q1231345-6bshe-17.jpg          44.62 kB
../../../../private/tmp/f6een-final-build/assets/celeb-122-q922169-D25hqcv2.jpg           44.65 kB
../../../../private/tmp/f6een-final-build/assets/celeb-308-q4120213-Ciitgh7Z.jpg          44.69 kB
../../../../private/tmp/f6een-final-build/assets/celeb-169-q184750-_M7__IFv.jpg           44.83 kB
../../../../private/tmp/f6een-final-build/assets/celeb-151-q7176-C3u0dXJW.jpg             44.87 kB
../../../../private/tmp/f6een-final-build/assets/celeb-037-q28336737-BcgcLeE4.jpg         44.91 kB
../../../../private/tmp/f6een-final-build/assets/celeb-125-q552465-vFb6LBXx.jpg           44.92 kB
../../../../private/tmp/f6een-final-build/assets/celeb-335-q4166668-DKRQz9b_.jpg          45.18 kB
../../../../private/tmp/f6een-final-build/assets/celeb-337-q10995100-FtQbkS_i.jpg         45.36 kB
../../../../private/tmp/f6een-final-build/assets/f6een-icon-taa-512-BWrgy8vw.png          45.45 kB
../../../../private/tmp/f6een-final-build/assets/celeb-373-q41421-BMPUp6pR.jpg            45.72 kB
../../../../private/tmp/f6een-final-build/assets/celeb-039-q98456849-DE9BQ9L6.jpg         45.86 kB
../../../../private/tmp/f6een-final-build/assets/celeb-368-q48337-Z6nM8eEu.jpg            45.95 kB
../../../../private/tmp/f6een-final-build/assets/celeb-052-q312556-CovzdTI3.jpg           45.97 kB
../../../../private/tmp/f6een-final-build/assets/celeb-317-q1391164-CRNqURBc.jpg          46.05 kB
../../../../private/tmp/f6een-final-build/assets/celeb-375-q1189-3TmUYrM_.jpg             46.14 kB
../../../../private/tmp/f6een-final-build/assets/celeb-302-q307786-BCqViI_s.jpg           46.28 kB
../../../../private/tmp/f6een-final-build/assets/celeb-073-q4963341-CUVHVUxA.jpg          46.51 kB
../../../../private/tmp/f6een-final-build/assets/celeb-344-q4164770-OqWzXUak.jpg          46.79 kB
../../../../private/tmp/f6een-final-build/assets/celeb-154-q1153825-Baj-ur0_.jpg          47.13 kB
../../../../private/tmp/f6een-final-build/assets/celeb-310-q6982855-doE6-n-q.jpg          47.14 kB
../../../../private/tmp/f6een-final-build/assets/celeb-006-q57352-CtzWNve6.jpg            47.51 kB
../../../../private/tmp/f6een-final-build/assets/celeb-352-q23215-DxRtj2kq.jpg            47.62 kB
../../../../private/tmp/f6een-final-build/assets/celeb-024-q311440-Bkm0IMq9.jpg           47.63 kB
../../../../private/tmp/f6een-final-build/assets/celeb-099-q16125107-DkjFGi_6.jpg         47.96 kB
../../../../private/tmp/f6een-final-build/assets/celeb-316-q2380190-CuEjtDpb.jpg          48.04 kB
../../../../private/tmp/f6een-final-build/assets/celeb-177-q1346218-DMs5TxqR.jpg          48.18 kB
../../../../private/tmp/f6een-final-build/assets/celeb-072-q6259169-CZqEAOb1.jpg          48.19 kB
../../../../private/tmp/f6een-final-build/assets/celeb-054-q36215-DbgHGYHy.jpg            48.30 kB
../../../../private/tmp/f6een-final-build/assets/celeb-149-q49998900-_ICxsM1M.jpg         48.36 kB
../../../../private/tmp/f6een-final-build/assets/celeb-007-q1855372-BuX4HBN9.jpg          48.49 kB
../../../../private/tmp/f6een-final-build/assets/celeb-093-q18719266-Dkzwn-Ti.jpg         48.52 kB
../../../../private/tmp/f6een-final-build/assets/celeb-145-q310903-7ehXbT2R.jpg           48.58 kB
../../../../private/tmp/f6een-final-build/assets/celeb-180-q311826-PBLmZVC3.jpg           48.92 kB
../../../../private/tmp/f6een-final-build/assets/celeb-165-q6741658--f1MCxdh.jpg          48.99 kB
../../../../private/tmp/f6een-final-build/assets/celeb-118-q434509-kDk6-jRg.jpg           49.08 kB
../../../../private/tmp/f6een-final-build/assets/celeb-179-q1756790-CE1lafdU.jpg          49.09 kB
../../../../private/tmp/f6een-final-build/assets/celeb-091-q7961696-D_yvKcLR.jpg          49.50 kB
../../../../private/tmp/f6een-final-build/assets/celeb-372-q23760-CBGkmusv.jpg            49.54 kB
../../../../private/tmp/f6een-final-build/assets/celeb-018-q61053-B2xANiCe.jpg            49.69 kB
../../../../private/tmp/f6een-final-build/assets/celeb-108-q265277-BVEhMdNg.jpg           49.77 kB
../../../../private/tmp/f6een-final-build/assets/celeb-166-q459877-CFkNgkIb.jpg           49.88 kB
../../../../private/tmp/f6een-final-build/assets/celeb-027-q299574-ET-5vOGV.jpg           49.89 kB
../../../../private/tmp/f6een-final-build/assets/celeb-022-q3099714-BiA2-rUc.jpg          50.06 kB
../../../../private/tmp/f6een-final-build/assets/celeb-340-q170515-CYt9pjTR.jpg           50.17 kB
../../../../private/tmp/f6een-final-build/assets/celeb-103-q32055-ann-IlO9.jpg            50.48 kB
../../../../private/tmp/f6een-final-build/assets/celeb-019-q20055561-BIhRi8Tk.jpg         50.52 kB
../../../../private/tmp/f6een-final-build/assets/celeb-119-q320578-CEejzwEl.jpg           50.71 kB
../../../../private/tmp/f6een-final-build/assets/celeb-050-q1148669-BFESipHQ.jpg          51.23 kB
../../../../private/tmp/f6een-final-build/assets/celeb-361-q38111-BDnGwl4_.jpg            51.29 kB
../../../../private/tmp/f6een-final-build/assets/celeb-053-q5284-BQaRt_ql.jpg             51.73 kB
../../../../private/tmp/f6een-final-build/assets/celeb-076-q15737800-Kqg_iDyR.jpg         51.76 kB
../../../../private/tmp/f6een-final-build/assets/celeb-033-q7821917-D1dPZCB2.jpg          51.91 kB
../../../../private/tmp/f6een-final-build/assets/celeb-364-q37175-uW45fqjf.jpg            51.99 kB
../../../../private/tmp/f6een-final-build/assets/celeb-366-q36970-C_BrjfGS.jpg            52.29 kB
../../../../private/tmp/f6een-final-build/assets/celeb-326-q1033841-CF69GhPF.jpg          52.44 kB
../../../../private/tmp/f6een-final-build/assets/celeb-315-q3183321-V0Sr0zXP.jpg          52.59 kB
../../../../private/tmp/f6een-final-build/assets/celeb-010-q57553-Cowz_goj.jpg            52.75 kB
../../../../private/tmp/f6een-final-build/assets/celeb-029-q52183-C_7Q_iti.jpg            52.89 kB
../../../../private/tmp/f6een-final-build/assets/celeb-081-q64853380-BXij2FN3.jpg         53.19 kB
../../../../private/tmp/f6een-final-build/assets/celeb-306-q4165830-BUxGpmqZ.jpg          53.44 kB
../../../../private/tmp/f6een-final-build/assets/celeb-357-q47447-D1UEfy43.jpg            53.61 kB
../../../../private/tmp/f6een-final-build/assets/celeb-075-q149067-CI5dGvkh.jpg           54.28 kB
../../../../private/tmp/f6een-final-build/assets/celeb-354-q19848-6WaCHzBm.jpg            54.88 kB
../../../../private/tmp/f6een-final-build/assets/celeb-314-q651785-yVut1QcS.jpg           54.90 kB
../../../../private/tmp/f6een-final-build/assets/celeb-038-q7409268-CXxkCYP4.jpg          55.49 kB
../../../../private/tmp/f6een-final-build/assets/celeb-146-q34975-DvDLoHSy.jpg            55.67 kB
../../../../private/tmp/f6een-final-build/assets/celeb-150-q1633764-XNRtObrh.jpg          55.68 kB
../../../../private/tmp/f6een-final-build/assets/celeb-004-q57655-qhcX5VVR.jpg            55.98 kB
../../../../private/tmp/f6een-final-build/assets/celeb-023-q451791-DgPNUUNb.jpg           56.04 kB
../../../../private/tmp/f6een-final-build/assets/celeb-140-q573246-15q3B68G.jpg           56.45 kB
../../../../private/tmp/f6een-final-build/assets/celeb-043-q334155-eLfVfWr-.jpg           57.16 kB
../../../../private/tmp/f6een-final-build/assets/celeb-058-q265852-pPVwhSXn.jpg           57.21 kB
../../../../private/tmp/f6een-final-build/assets/celeb-046-q56434717-BRNOLnuM.jpg         57.26 kB
../../../../private/tmp/f6een-final-build/assets/celeb-056-q3503829-B2E7UPTz.jpg          57.58 kB
../../../../private/tmp/f6een-final-build/assets/celeb-370-q43416-DlghN927.jpg            57.85 kB
../../../../private/tmp/f6een-final-build/assets/celeb-079-q24248273-DSAlUj_s.jpg         57.86 kB
../../../../private/tmp/f6een-final-build/assets/celeb-057-q7407093-XKrMxVSg.jpg          58.19 kB
../../../../private/tmp/f6een-final-build/assets/celeb-041-q72099398-Ca2QHpwV.jpg         58.71 kB
../../../../private/tmp/f6een-final-build/assets/celeb-312-q1118831-DqziDcjQ.jpg          58.72 kB
../../../../private/tmp/f6een-final-build/assets/celeb-305-q1391669-DAc5vFtW.jpg          58.74 kB
../../../../private/tmp/f6een-final-build/assets/celeb-355-q40715-DFutoTph.jpg            59.07 kB
../../../../private/tmp/f6een-final-build/assets/celeb-313-q774155-BlK1z0jU.jpg           59.18 kB
../../../../private/tmp/f6een-final-build/assets/celeb-110-q6182718-BSmJVQev.jpg          59.41 kB
../../../../private/tmp/f6een-final-build/assets/celeb-176-q3247658-CFZfw7QF.jpg          59.76 kB
../../../../private/tmp/f6een-final-build/assets/celeb-353-q34424-ChTKzKzn.jpg            59.88 kB
../../../../private/tmp/f6een-final-build/assets/celeb-011-q307871-B8O8F7Ff.jpg           60.25 kB
../../../../private/tmp/f6een-final-build/assets/celeb-331-q4665223-Dh7MQ2hn.jpg          60.30 kB
../../../../private/tmp/f6een-final-build/assets/celeb-141-q323320-Iho-sWSm.jpg           60.32 kB
../../../../private/tmp/f6een-final-build/assets/celeb-153-q317877-D0RkhpXg.jpg           61.09 kB
../../../../private/tmp/f6een-final-build/assets/celeb-112-q200029-CKsY1tDG.jpg           62.70 kB
../../../../private/tmp/f6een-final-build/assets/celeb-338-q381486-CtvyhsnY.jpg           63.05 kB
../../../../private/tmp/f6een-final-build/assets/celeb-117-q984448-CN5VpfgJ.jpg           64.15 kB
../../../../private/tmp/f6een-final-build/assets/celeb-002-q6892571-BQmu3qTe.jpg          65.31 kB
../../../../private/tmp/f6een-final-build/assets/celeb-198-q380471-C6VDV0oK.jpg           65.97 kB
../../../../private/tmp/f6een-final-build/assets/celeb-135-q17280087-CFBLXLNR.jpg         66.80 kB
../../../../private/tmp/f6een-final-build/assets/celeb-009-q12250314-CdBPTYcl.jpg         66.85 kB
../../../../private/tmp/f6een-final-build/assets/celeb-062-q4934-B83m7bd1.jpg             69.98 kB
../../../../private/tmp/f6een-final-build/assets/celeb-088-q4120392-BdAOaYLe.jpg          72.70 kB
../../../../private/tmp/f6een-final-build/assets/celeb-045-q32732-DwnK3Jsu.jpg            99.87 kB
../../../../private/tmp/f6een-final-build/assets/kuwait-ZgzMxEMJ.jpg                     197.32 kB
../../../../private/tmp/f6een-final-build/assets/who-am-i-Dqo0MVWn.jpg                   197.96 kB
../../../../private/tmp/f6een-final-build/assets/proverbs-riddles-BfQ3fOz6.jpg           200.21 kB
../../../../private/tmp/f6een-final-build/assets/celebrities-Bw2P2OEG.jpg                205.32 kB
../../../../private/tmp/f6een-final-build/assets/sports-numbers-6NTEzzrv.jpg             224.79 kB
../../../../private/tmp/f6een-final-build/assets/cinema-drama-DKGquwMJ.jpg               229.64 kB
../../../../private/tmp/f6een-final-build/assets/geography-Cv2cCHE4.jpg                  250.32 kB
../../../../private/tmp/f6een-final-build/assets/history-BaboZCT4.jpg                    272.48 kB
../../../../private/tmp/f6een-final-build/assets/BalooBhaijaan2-wght-Bhq46mwE.ttf        285.51 kB
../../../../private/tmp/f6een-final-build/assets/medicine-DXSHwk_I.png                   379.24 kB
../../../../private/tmp/f6een-final-build/assets/religion-B8XZ7dqg.png                   395.07 kB
../../../../private/tmp/f6een-final-build/assets/tech-misc-RL2poDmc.png                  395.54 kB
../../../../private/tmp/f6een-final-build/assets/science-Bn1n6Qeu.png                    417.92 kB
../../../../private/tmp/f6een-final-build/assets/literature-arts-BhvEmmW9.png            451.12 kB
../../../../private/tmp/f6een-final-build/assets/biology-astronomy-Dnpaq18l.png          492.57 kB
../../../../private/tmp/f6een-final-build/assets/admin-BNWTUyQg.css                        0.59 kB │ gzip:   0.20 kB
../../../../private/tmp/f6een-final-build/assets/admin-DzUFAgWc.css                        5.65 kB │ gzip:   1.73 kB
../../../../private/tmp/f6een-final-build/assets/main-Co73QPww.css                        96.93 kB │ gzip:  17.52 kB
../../../../private/tmp/f6een-final-build/assets/categoryArt-DjXKZyl-.js                   1.20 kB │ gzip:   0.69 kB
../../../../private/tmp/f6een-final-build/assets/web-DEnWguEK.js                          11.86 kB │ gzip:   3.61 kB
../../../../private/tmp/f6een-final-build/assets/admin-CTHQ7EiE.js                        44.10 kB │ gzip:  15.04 kB
../../../../private/tmp/f6een-final-build/assets/main-BrTGvmTJ.js                        173.73 kB │ gzip:  54.00 kB
../../../../private/tmp/f6een-final-build/assets/bank-Cp0LS3dX.js                        320.14 kB │ gzip:  86.30 kB
../../../../private/tmp/f6een-final-build/assets/admin-CrfrcvTP.js                       445.66 kB │ gzip: 125.80 kB
✓ built in 868ms
